Archive member included to satisfy reference by file (symbol)

c:/st/stm32cubeide_1.3.0/stm32cubeide/plugins/com.st.stm32cube.ide.mcu.externaltools.gnu-tools-for-stm32.7-2018-q2-update.win32_1.5.0.202011040924/tools/bin/../lib/gcc/arm-none-eabi/7.3.1/../../../../arm-none-eabi/lib/thumb/v7e-m/fpv4-sp/hard\libc_nano.a(lib_a-errno.o)
                              Core/Src/syscalls.o (__errno)
c:/st/stm32cubeide_1.3.0/stm32cubeide/plugins/com.st.stm32cube.ide.mcu.externaltools.gnu-tools-for-stm32.7-2018-q2-update.win32_1.5.0.202011040924/tools/bin/../lib/gcc/arm-none-eabi/7.3.1/../../../../arm-none-eabi/lib/thumb/v7e-m/fpv4-sp/hard\libc_nano.a(lib_a-exit.o)
                              c:/st/stm32cubeide_1.3.0/stm32cubeide/plugins/com.st.stm32cube.ide.mcu.externaltools.gnu-tools-for-stm32.7-2018-q2-update.win32_1.5.0.202011040924/tools/bin/../lib/gcc/arm-none-eabi/7.3.1/../../../../arm-none-eabi/lib/thumb/v7e-m/fpv4-sp/hard/crt0.o (exit)
c:/st/stm32cubeide_1.3.0/stm32cubeide/plugins/com.st.stm32cube.ide.mcu.externaltools.gnu-tools-for-stm32.7-2018-q2-update.win32_1.5.0.202011040924/tools/bin/../lib/gcc/arm-none-eabi/7.3.1/../../../../arm-none-eabi/lib/thumb/v7e-m/fpv4-sp/hard\libc_nano.a(lib_a-impure.o)
                              c:/st/stm32cubeide_1.3.0/stm32cubeide/plugins/com.st.stm32cube.ide.mcu.externaltools.gnu-tools-for-stm32.7-2018-q2-update.win32_1.5.0.202011040924/tools/bin/../lib/gcc/arm-none-eabi/7.3.1/../../../../arm-none-eabi/lib/thumb/v7e-m/fpv4-sp/hard\libc_nano.a(lib_a-exit.o) (_global_impure_ptr)
c:/st/stm32cubeide_1.3.0/stm32cubeide/plugins/com.st.stm32cube.ide.mcu.externaltools.gnu-tools-for-stm32.7-2018-q2-update.win32_1.5.0.202011040924/tools/bin/../lib/gcc/arm-none-eabi/7.3.1/../../../../arm-none-eabi/lib/thumb/v7e-m/fpv4-sp/hard\libc_nano.a(lib_a-init.o)
                              c:/st/stm32cubeide_1.3.0/stm32cubeide/plugins/com.st.stm32cube.ide.mcu.externaltools.gnu-tools-for-stm32.7-2018-q2-update.win32_1.5.0.202011040924/tools/bin/../lib/gcc/arm-none-eabi/7.3.1/../../../../arm-none-eabi/lib/thumb/v7e-m/fpv4-sp/hard/crt0.o (__libc_init_array)
c:/st/stm32cubeide_1.3.0/stm32cubeide/plugins/com.st.stm32cube.ide.mcu.externaltools.gnu-tools-for-stm32.7-2018-q2-update.win32_1.5.0.202011040924/tools/bin/../lib/gcc/arm-none-eabi/7.3.1/../../../../arm-none-eabi/lib/thumb/v7e-m/fpv4-sp/hard\libc_nano.a(lib_a-itoa.o)
                              Core/Src/main.o (itoa)
c:/st/stm32cubeide_1.3.0/stm32cubeide/plugins/com.st.stm32cube.ide.mcu.externaltools.gnu-tools-for-stm32.7-2018-q2-update.win32_1.5.0.202011040924/tools/bin/../lib/gcc/arm-none-eabi/7.3.1/../../../../arm-none-eabi/lib/thumb/v7e-m/fpv4-sp/hard\libc_nano.a(lib_a-memset.o)
                              c:/st/stm32cubeide_1.3.0/stm32cubeide/plugins/com.st.stm32cube.ide.mcu.externaltools.gnu-tools-for-stm32.7-2018-q2-update.win32_1.5.0.202011040924/tools/bin/../lib/gcc/arm-none-eabi/7.3.1/../../../../arm-none-eabi/lib/thumb/v7e-m/fpv4-sp/hard/crt0.o (memset)
c:/st/stm32cubeide_1.3.0/stm32cubeide/plugins/com.st.stm32cube.ide.mcu.externaltools.gnu-tools-for-stm32.7-2018-q2-update.win32_1.5.0.202011040924/tools/bin/../lib/gcc/arm-none-eabi/7.3.1/../../../../arm-none-eabi/lib/thumb/v7e-m/fpv4-sp/hard\libc_nano.a(lib_a-strlen.o)
                              Core/Src/LCD.o (strlen)
c:/st/stm32cubeide_1.3.0/stm32cubeide/plugins/com.st.stm32cube.ide.mcu.externaltools.gnu-tools-for-stm32.7-2018-q2-update.win32_1.5.0.202011040924/tools/bin/../lib/gcc/arm-none-eabi/7.3.1/../../../../arm-none-eabi/lib/thumb/v7e-m/fpv4-sp/hard\libc_nano.a(lib_a-utoa.o)
                              c:/st/stm32cubeide_1.3.0/stm32cubeide/plugins/com.st.stm32cube.ide.mcu.externaltools.gnu-tools-for-stm32.7-2018-q2-update.win32_1.5.0.202011040924/tools/bin/../lib/gcc/arm-none-eabi/7.3.1/../../../../arm-none-eabi/lib/thumb/v7e-m/fpv4-sp/hard\libc_nano.a(lib_a-itoa.o) (__utoa)
c:/st/stm32cubeide_1.3.0/stm32cubeide/plugins/com.st.stm32cube.ide.mcu.externaltools.gnu-tools-for-stm32.7-2018-q2-update.win32_1.5.0.202011040924/tools/bin/../lib/gcc/arm-none-eabi/7.3.1/thumb/v7e-m/fpv4-sp/hard\libgcc.a(_aeabi_uldivmod.o)
                              Drivers/STM32F4xx_HAL_Driver/Src/stm32f4xx_hal_rcc.o (__aeabi_uldivmod)
c:/st/stm32cubeide_1.3.0/stm32cubeide/plugins/com.st.stm32cube.ide.mcu.externaltools.gnu-tools-for-stm32.7-2018-q2-update.win32_1.5.0.202011040924/tools/bin/../lib/gcc/arm-none-eabi/7.3.1/thumb/v7e-m/fpv4-sp/hard\libgcc.a(_udivmoddi4.o)
                              c:/st/stm32cubeide_1.3.0/stm32cubeide/plugins/com.st.stm32cube.ide.mcu.externaltools.gnu-tools-for-stm32.7-2018-q2-update.win32_1.5.0.202011040924/tools/bin/../lib/gcc/arm-none-eabi/7.3.1/thumb/v7e-m/fpv4-sp/hard\libgcc.a(_aeabi_uldivmod.o) (__udivmoddi4)
c:/st/stm32cubeide_1.3.0/stm32cubeide/plugins/com.st.stm32cube.ide.mcu.externaltools.gnu-tools-for-stm32.7-2018-q2-update.win32_1.5.0.202011040924/tools/bin/../lib/gcc/arm-none-eabi/7.3.1/thumb/v7e-m/fpv4-sp/hard\libgcc.a(_dvmd_tls.o)
[...]
Memory Configuration

Name             Origin             Length             Attributes
RAM              0x0000000020000000 0x0000000000018000 xrw
FLASH            0x0000000008000000 0x0000000000080000 xr
*default*        0x0000000000000000 0xffffffffffffffff

Linker script and memory map

LOAD c:/st/stm32cubeide_1.3.0/stm32cubeide/plugins/com.st.stm32cube.ide.mcu.externaltools.gnu-tools-for-stm32.7-2018-q2-update.win32_1.5.0.202011040924/tools/bin/../lib/gcc/arm-none-eabi/7.3.1/thumb/v7e-m/fpv4-sp/hard/crti.o
LOAD c:/st/stm32cubeide_1.3.0/stm32cubeide/plugins/com.st.stm32cube.ide.mcu.externaltools.gnu-tools-for-stm32.7-2018-q2-update.win32_1.5.0.202011040924/tools/bin/../lib/gcc/arm-none-eabi/7.3.1/thumb/v7e-m/fpv4-sp/hard/crtbegin.o
LOAD c:/st/stm32cubeide_1.3.0/stm32cubeide/plugins/com.st.stm32cube.ide.mcu.externaltools.gnu-tools-for-stm32.7-2018-q2-update.win32_1.5.0.202011040924/tools/bin/../lib/gcc/arm-none-eabi/7.3.1/../../../../arm-none-eabi/lib/thumb/v7e-m/fpv4-sp/hard/crt0.o
LOAD Core/Src/LCD.o
LOAD Core/Src/main.o
LOAD Core/Src/stm32f4xx_hal_msp.o
LOAD Core/Src/stm32f4xx_it.o
LOAD Core/Src/syscalls.o
LOAD Core/Src/sysmem.o
LOAD Core/Src/system_stm32f4xx.o
LOAD Core/Startup/startup_stm32f401retx.o
LOAD Drivers/STM32F4xx_HAL_Driver/Src/stm32f4xx_hal.o
LOAD Drivers/STM32F4xx_HAL_Driver/Src/stm32f4xx_hal_adc.o
LOAD Drivers/STM32F4xx_HAL_Driver/Src/stm32f4xx_hal_adc_ex.o
LOAD Drivers/STM32F4xx_HAL_Driver/Src/stm32f4xx_hal_cortex.o
LOAD Drivers/STM32F4xx_HAL_Driver/Src/stm32f4xx_hal_dma.o
LOAD Drivers/STM32F4xx_HAL_Driver/Src/stm32f4xx_hal_dma_ex.o
LOAD Drivers/STM32F4xx_HAL_Driver/Src/stm32f4xx_hal_exti.o
LOAD Drivers/STM32F4xx_HAL_Driver/Src/stm32f4xx_hal_flash.o
LOAD Drivers/STM32F4xx_HAL_Driver/Src/stm32f4xx_hal_flash_ex.o
LOAD Drivers/STM32F4xx_HAL_Driver/Src/stm32f4xx_hal_flash_ramfunc.o
LOAD Drivers/STM32F4xx_HAL_Driver/Src/stm32f4xx_hal_gpio.o
LOAD Drivers/STM32F4xx_HAL_Driver/Src/stm32f4xx_hal_pwr.o
LOAD Drivers/STM32F4xx_HAL_Driver/Src/stm32f4xx_hal_pwr_ex.o
LOAD Drivers/STM32F4xx_HAL_Driver/Src/stm32f4xx_hal_rcc.o
LOAD Drivers/STM32F4xx_HAL_Driver/Src/stm32f4xx_hal_rcc_ex.o
LOAD Drivers/STM32F4xx_HAL_Driver/Src/stm32f4xx_hal_tim.o
LOAD Drivers/STM32F4xx_HAL_Driver/Src/stm32f4xx_hal_tim_ex.o
LOAD Drivers/STM32F4xx_HAL_Driver/Src/stm32f4xx_hal_uart.o
START GROUP
LOAD c:/st/stm32cubeide_1.3.0/stm32cubeide/plugins/com.st.stm32cube.ide.mcu.externaltools.gnu-tools-for-stm32.7-2018-q2-update.win32_1.5.0.202011040924/tools/bin/../lib/gcc/arm-none-eabi/7.3.1/../../../../arm-none-eabi/lib/thumb/v7e-m/fpv4-sp/hard\libc_nano.a
LOAD c:/st/stm32cubeide_1.3.0/stm32cubeide/plugins/com.st.stm32cube.ide.mcu.externaltools.gnu-tools-for-stm32.7-2018-q2-update.win32_1.5.0.202011040924/tools/bin/../lib/gcc/arm-none-eabi/7.3.1/../../../../arm-none-eabi/lib/thumb/v7e-m/fpv4-sp/hard\libm.a
END GROUP
START GROUP
LOAD c:/st/stm32cubeide_1.3.0/stm32cubeide/plugins/com.st.stm32cube.ide.mcu.externaltools.gnu-tools-for-stm32.7-2018-q2-update.win32_1.5.0.202011040924/tools/bin/../lib/gcc/arm-none-eabi/7.3.1/thumb/v7e-m/fpv4-sp/hard\libgcc.a
LOAD c:/st/stm32cubeide_1.3.0/stm32cubeide/plugins/com.st.stm32cube.ide.mcu.externaltools.gnu-tools-for-stm32.7-2018-q2-update.win32_1.5.0.202011040924/tools/bin/../lib/gcc/arm-none-eabi/7.3.1/../../../../arm-none-eabi/lib/thumb/v7e-m/fpv4-sp/hard\libc_nano.a
END GROUP
START GROUP
LOAD c:/st/stm32cubeide_1.3.0/stm32cubeide/plugins/com.st.stm32cube.ide.mcu.externaltools.gnu-tools-for-stm32.7-2018-q2-update.win32_1.5.0.202011040924/tools/bin/../lib/gcc/arm-none-eabi/7.3.1/thumb/v7e-m/fpv4-sp/hard\libgcc.a
LOAD c:/st/stm32cubeide_1.3.0/stm32cubeide/plugins/com.st.stm32cube.ide.mcu.externaltools.gnu-tools-for-stm32.7-2018-q2-update.win32_1.5.0.202011040924/tools/bin/../lib/gcc/arm-none-eabi/7.3.1/../../../../arm-none-eabi/lib/thumb/v7e-m/fpv4-sp/hard\libc_nano.a
LOAD c:/st/stm32cubeide_1.3.0/stm32cubeide/plugins/com.st.stm32cube.ide.mcu.externaltools.gnu-tools-for-stm32.7-2018-q2-update.win32_1.5.0.202011040924/tools/bin/../lib/gcc/arm-none-eabi/7.3.1/../../../../arm-none-eabi/lib/thumb/v7e-m/fpv4-sp/hard\libnosys.a
END GROUP
START GROUP
LOAD c:/st/stm32cubeide_1.3.0/stm32cubeide/plugins/com.st.stm32cube.ide.mcu.externaltools.gnu-tools-for-stm32.7-2018-q2-update.win32_1.5.0.202011040924/tools/bin/../lib/gcc/arm-none-eabi/7.3.1/thumb/v7e-m/fpv4-sp/hard\libgcc.a
LOAD c:/st/stm32cubeide_1.3.0/stm32cubeide/plugins/com.st.stm32cube.ide.mcu.externaltools.gnu-tools-for-stm32.7-2018-q2-update.win32_1.5.0.202011040924/tools/bin/../lib/gcc/arm-none-eabi/7.3.1/../../../../arm-none-eabi/lib/thumb/v7e-m/fpv4-sp/hard\libc_nano.a
LOAD c:/st/stm32cubeide_1.3.0/stm32cubeide/plugins/com.st.stm32cube.ide.mcu.externaltools.gnu-tools-for-stm32.7-2018-q2-update.win32_1.5.0.202011040924/tools/bin/../lib/gcc/arm-none-eabi/7.3.1/../../../../arm-none-eabi/lib/thumb/v7e-m/fpv4-sp/hard\libnosys.a
END GROUP
LOAD c:/st/stm32cubeide_1.3.0/stm32cubeide/plugins/com.st.stm32cube.ide.mcu.externaltools.gnu-tools-for-stm32.7-2018-q2-update.win32_1.5.0.202011040924/tools/bin/../lib/gcc/arm-none-eabi/7.3.1/thumb/v7e-m/fpv4-sp/hard/crtend.o
LOAD c:/st/stm32cubeide_1.3.0/stm32cubeide/plugins/com.st.stm32cube.ide.mcu.externaltools.gnu-tools-for-stm32.7-2018-q2-update.win32_1.5.0.202011040924/tools/bin/../lib/gcc/arm-none-eabi/7.3.1/thumb/v7e-m/fpv4-sp/hard/crtn.o
                0x0000000020018000                _estack = (ORIGIN (RAM) + LENGTH (RAM))
                0x0000000000000200                _Min_Heap_Size = 0x200
                0x0000000000000400                _Min_Stack_Size = 0x400

.isr_vector     0x0000000008000000      0x194
                0x0000000008000000                . = ALIGN (0x4)
 *(.isr_vector)
 .isr_vector    0x0000000008000000      0x194 Core/Startup/startup_stm32f401retx.o
                0x0000000008000000                g_pfnVectors
                0x0000000008000194                . = ALIGN (0x4)

.text           0x0000000008000194     0x2c04
                0x0000000008000194                . = ALIGN (0x4)
 *(.text)
 .text          0x0000000008000194       0x40 c:/st/stm32cubeide_1.3.0/stm32cubeide/plugins/com.st.stm32cube.ide.mcu.externaltools.gnu-tools-for-stm32.7-2018-q2-update.win32_1.5.0.202011040924/tools/bin/../lib/gcc/arm-none-eabi/7.3.1/thumb/v7e-m/fpv4-sp/hard/crtbegin.o
 .text          0x00000000080001d4       0x10 c:/st/stm32cubeide_1.3.0/stm32cubeide/plugins/com.st.stm32cube.ide.mcu.externaltools.gnu-tools-for-stm32.7-2018-q2-update.win32_1.5.0.202011040924/tools/bin/../lib/gcc/arm-none-eabi/7.3.1/../../../../arm-none-eabi/lib/thumb/v7e-m/fpv4-sp/hard\libc_nano.a(lib_a-strlen.o)
                0x00000000080001d4                strlen
 .text          0x00000000080001e4       0x30 c:/st/stm32cubeide_1.3.0/stm32cubeide/plugins/com.st.stm32cube.ide.mcu.externaltools.gnu-tools-for-stm32.7-2018-q2-update.win32_1.5.0.202011040924/tools/bin/../lib/gcc/arm-none-eabi/7.3.1/thumb/v7e-m/fpv4-sp/hard\libgcc.a(_aeabi_uldivmod.o)
                0x00000000080001e4                __aeabi_uldivmod
 .text          0x0000000008000214      0x2cc c:/st/stm32cubeide_1.3.0/stm32cubeide/plugins/com.st.stm32cube.ide.mcu.externaltools.gnu-tools-for-stm32.7-2018-q2-update.win32_1.5.0.202011040924/tools/bin/../lib/gcc/arm-none-eabi/7.3.1/thumb/v7e-m/fpv4-sp/hard\libgcc.a(_udivmoddi4.o)
                0x0000000008000214                __udivmoddi4
 .text          0x00000000080004e0        0x4 c:/st/stm32cubeide_1.3.0/stm32cubeide/plugins/com.st.stm32cube.ide.mcu.externaltools.gnu-tools-for-stm32.7-2018-q2-update.win32_1.5.0.202011040924/tools/bin/../lib/gcc/arm-none-eabi/7.3.1/thumb/v7e-m/fpv4-sp/hard\libgcc.a(_dvmd_tls.o)
                0x00000000080004e0                __aeabi_idiv0
                0x00000000080004e0                __aeabi_ldiv0
 *(.text*)
 .text.TextLCD_Strobe
                0x00000000080004e4       0x3c Core/Src/LCD.o
 .text.TextLCD_Cmd
                0x0000000008000520       0x38 Core/Src/LCD.o
 .text.TextLCD_Data
                0x0000000008000558       0x38 Core/Src/LCD.o
 .text.TextLCD_Init
                0x0000000008000590       0xd2 Core/Src/LCD.o
                0x0000000008000590                TextLCD_Init
 .text.TextLCD_Clear
                0x0000000008000662       0x2a Core/Src/LCD.o
                0x0000000008000662                TextLCD_Clear
 .text.TextLCD_Position
                0x000000000800068c       0x4c Core/Src/LCD.o
                0x000000000800068c                TextLCD_Position
 .text.TextLCD_Putchar
                0x00000000080006d8       0x24 Core/Src/LCD.o
                0x00000000080006d8                TextLCD_Putchar
 .text.TextLCD_Puts
                0x00000000080006fc       0x40 Core/Src/LCD.o
                0x00000000080006fc                TextLCD_Puts
 .text.Read_DHT11_bit_raw
                0x000000000800073c       0x78 Core/Src/main.o
                0x000000000800073c                Read_DHT11_bit_raw
 .text.Read_DHT11
                0x00000000080007b4      0x134 Core/Src/main.o
                0x00000000080007b4                Read_DHT11
 .text.heaterLED
                0x00000000080008e8       0x54 Core/Src/main.o
                0x00000000080008e8                heaterLED
 .text.intToString
                0x000000000800093c       0x20 Core/Src/main.o
                0x000000000800093c                intToString
 .text.updateLCD
                0x000000000800095c       0x94 Core/Src/main.o
                0x000000000800095c                updateLCD
 .text.main     0x00000000080009f0       0x4c Core/Src/main.o
                0x00000000080009f0                main
 .text.SystemClock_Config
                0x0000000008000a3c       0xd8 Core/Src/main.o
                0x0000000008000a3c                SystemClock_Config
 .text.MX_ADC1_Init
                0x0000000008000b14       0xa4 Core/Src/main.o
 .text.MX_USART2_UART_Init
                0x0000000008000bb8       0x54 Core/Src/main.o
 .text.MX_GPIO_Init
                0x0000000008000c0c      0x188 Core/Src/main.o
 .text.HAL_GPIO_EXTI_Callback
                0x0000000008000d94       0x78 Core/Src/main.o
                0x0000000008000d94                HAL_GPIO_EXTI_Callback
 .text.Error_Handler
                0x0000000008000e0c        0x8 Core/Src/main.o
                0x0000000008000e0c                Error_Handler
 .text.HAL_MspInit
                0x0000000008000e14       0x50 Core/Src/stm32f4xx_hal_msp.o
                0x0000000008000e14                HAL_MspInit
 .text.HAL_ADC_MspInit
                0x0000000008000e64       0x88 Core/Src/stm32f4xx_hal_msp.o
                0x0000000008000e64                HAL_ADC_MspInit
 .text.HAL_UART_MspInit
                0x0000000008000eec       0x90 Core/Src/stm32f4xx_hal_msp.o
                0x0000000008000eec                HAL_UART_MspInit
 .text.NMI_Handler
                0x0000000008000f7c        0x6 Core/Src/stm32f4xx_it.o
                0x0000000008000f7c                NMI_Handler
 .text.HardFault_Handler
                0x0000000008000f82        0x6 Core/Src/stm32f4xx_it.o
                0x0000000008000f82                HardFault_Handler
 .text.MemManage_Handler
                0x0000000008000f88        0x6 Core/Src/stm32f4xx_it.o
                0x0000000008000f88                MemManage_Handler
 .text.BusFault_Handler
                0x0000000008000f8e        0x6 Core/Src/stm32f4xx_it.o
                0x0000000008000f8e                BusFault_Handler
 .text.UsageFault_Handler
                0x0000000008000f94        0x6 Core/Src/stm32f4xx_it.o
                0x0000000008000f94                UsageFault_Handler
 .text.SVC_Handler
                0x0000000008000f9a        0xe Core/Src/stm32f4xx_it.o
                0x0000000008000f9a                SVC_Handler
 .text.DebugMon_Handler
                0x0000000008000fa8        0xe Core/Src/stm32f4xx_it.o
                0x0000000008000fa8                DebugMon_Handler
 .text.PendSV_Handler
                0x0000000008000fb6        0xe Core/Src/stm32f4xx_it.o
                0x0000000008000fb6                PendSV_Handler
 .text.SysTick_Handler
                0x0000000008000fc4        0xc Core/Src/stm32f4xx_it.o
                0x0000000008000fc4                SysTick_Handler
 .text.EXTI9_5_IRQHandler
                0x0000000008000fd0       0x18 Core/Src/stm32f4xx_it.o
                0x0000000008000fd0                EXTI9_5_IRQHandler
 .text.EXTI15_10_IRQHandler
                0x0000000008000fe8       0x10 Core/Src/stm32f4xx_it.o
                0x0000000008000fe8                EXTI15_10_IRQHandler
 .text.SystemInit
                0x0000000008000ff8       0x2c Core/Src/system_stm32f4xx.o
                0x0000000008000ff8                SystemInit
 .text.Reset_Handler
                0x0000000008001024       0x50 Core/Startup/startup_stm32f401retx.o
                0x0000000008001024                Reset_Handler
 .text.Default_Handler
                0x0000000008001074        0x2 Core/Startup/startup_stm32f401retx.o
                0x0000000008001074                RTC_Alarm_IRQHandler
                0x0000000008001074                EXTI2_IRQHandler
                0x0000000008001074                SPI4_IRQHandler
                0x0000000008001074                TIM1_CC_IRQHandler
                0x0000000008001074                DMA2_Stream5_IRQHandler
                0x0000000008001074                DMA1_Stream5_IRQHandler
                0x0000000008001074                PVD_IRQHandler
                0x0000000008001074                SDIO_IRQHandler
                0x0000000008001074                TAMP_STAMP_IRQHandler
                0x0000000008001074                EXTI3_IRQHandler
                0x0000000008001074                TIM1_UP_TIM10_IRQHandler
                0x0000000008001074                I2C3_ER_IRQHandler
                0x0000000008001074                EXTI0_IRQHandler
                0x0000000008001074                I2C2_EV_IRQHandler
                0x0000000008001074                DMA1_Stream2_IRQHandler
                0x0000000008001074                FPU_IRQHandler
                0x0000000008001074                DMA2_Stream2_IRQHandler
                0x0000000008001074                SPI1_IRQHandler
                0x0000000008001074                TIM1_BRK_TIM9_IRQHandler
                0x0000000008001074                DMA2_Stream3_IRQHandler
                0x0000000008001074                USART6_IRQHandler
                0x0000000008001074                DMA2_Stream0_IRQHandler
                0x0000000008001074                TIM4_IRQHandler
                0x0000000008001074                I2C1_EV_IRQHandler
                0x0000000008001074                DMA1_Stream6_IRQHandler
                0x0000000008001074                DMA1_Stream1_IRQHandler
                0x0000000008001074                TIM3_IRQHandler
                0x0000000008001074                RCC_IRQHandler
                0x0000000008001074                Default_Handler
                0x0000000008001074                ADC_IRQHandler
                0x0000000008001074                DMA1_Stream7_IRQHandler
                0x0000000008001074                TIM5_IRQHandler
                0x0000000008001074                DMA2_Stream7_IRQHandler
                0x0000000008001074                I2C3_EV_IRQHandler
                0x0000000008001074                RTC_WKUP_IRQHandler
                0x0000000008001074                SPI2_IRQHandler
                0x0000000008001074                DMA1_Stream0_IRQHandler
                0x0000000008001074                EXTI4_IRQHandler
                0x0000000008001074                WWDG_IRQHandler
                0x0000000008001074                TIM2_IRQHandler
                0x0000000008001074                OTG_FS_WKUP_IRQHandler
                0x0000000008001074                TIM1_TRG_COM_TIM11_IRQHandler
                0x0000000008001074                EXTI1_IRQHandler
                0x0000000008001074                USART2_IRQHandler
                0x0000000008001074                I2C2_ER_IRQHandler
                0x0000000008001074                DMA2_Stream1_IRQHandler
                0x0000000008001074                FLASH_IRQHandler
                0x0000000008001074                DMA2_Stream4_IRQHandler
                0x0000000008001074                USART1_IRQHandler
                0x0000000008001074                OTG_FS_IRQHandler
                0x0000000008001074                SPI3_IRQHandler
                0x0000000008001074                DMA1_Stream4_IRQHandler
                0x0000000008001074                I2C1_ER_IRQHandler
                0x0000000008001074                DMA2_Stream6_IRQHandler
                0x0000000008001074                DMA1_Stream3_IRQHandler
 *fill*         0x0000000008001076        0x2 
 .text.HAL_Init
                0x0000000008001078       0x44 Drivers/STM32F4xx_HAL_Driver/Src/stm32f4xx_hal.o
                0x0000000008001078                HAL_Init
 .text.HAL_InitTick
                0x00000000080010bc       0x60 Drivers/STM32F4xx_HAL_Driver/Src/stm32f4xx_hal.o
                0x00000000080010bc                HAL_InitTick
 .text.HAL_IncTick
                0x000000000800111c       0x28 Drivers/STM32F4xx_HAL_Driver/Src/stm32f4xx_hal.o
                0x000000000800111c                HAL_IncTick
 .text.HAL_GetTick
                0x0000000008001144       0x18 Drivers/STM32F4xx_HAL_Driver/Src/stm32f4xx_hal.o
                0x0000000008001144                HAL_GetTick
 .text.HAL_Delay
                0x000000000800115c       0x44 Drivers/STM32F4xx_HAL_Driver/Src/stm32f4xx_hal.o
                0x000000000800115c                HAL_Delay
 .text.HAL_ADC_Init
                0x00000000080011a0       0x86 Drivers/STM32F4xx_HAL_Driver/Src/stm32f4xx_hal_adc.o
                0x00000000080011a0                HAL_ADC_Init
 *fill*         0x0000000008001226        0x2 
 .text.HAL_ADC_ConfigChannel
                0x0000000008001228      0x244 Drivers/STM32F4xx_HAL_Driver/Src/stm32f4xx_hal_adc.o
                0x0000000008001228                HAL_ADC_ConfigChannel
 .text.ADC_Init
                0x000000000800146c      0x1f8 Drivers/STM32F4xx_HAL_Driver/Src/stm32f4xx_hal_adc.o
 .text.__NVIC_SetPriorityGrouping
                0x0000000008001664       0x48 Drivers/STM32F4xx_HAL_Driver/Src/stm32f4xx_hal_cortex.o
 .text.__NVIC_GetPriorityGrouping
                0x00000000080016ac       0x1c Drivers/STM32F4xx_HAL_Driver/Src/stm32f4xx_hal_cortex.o
 .text.__NVIC_EnableIRQ
                0x00000000080016c8       0x3c Drivers/STM32F4xx_HAL_Driver/Src/stm32f4xx_hal_cortex.o
 .text.__NVIC_SetPriority
                0x0000000008001704       0x54 Drivers/STM32F4xx_HAL_Driver/Src/stm32f4xx_hal_cortex.o
 .text.NVIC_EncodePriority
                0x0000000008001758       0x66 Drivers/STM32F4xx_HAL_Driver/Src/stm32f4xx_hal_cortex.o
 *fill*         0x00000000080017be        0x2 
 .text.SysTick_Config
                0x00000000080017c0       0x44 Drivers/STM32F4xx_HAL_Driver/Src/stm32f4xx_hal_cortex.o
 .text.HAL_NVIC_SetPriorityGrouping
                0x0000000008001804       0x16 Drivers/STM32F4xx_HAL_Driver/Src/stm32f4xx_hal_cortex.o
                0x0000000008001804                HAL_NVIC_SetPriorityGrouping
 .text.HAL_NVIC_SetPriority
                0x000000000800181a       0x38 Drivers/STM32F4xx_HAL_Driver/Src/stm32f4xx_hal_cortex.o
                0x000000000800181a                HAL_NVIC_SetPriority
 .text.HAL_NVIC_EnableIRQ
                0x0000000008001852       0x1c Drivers/STM32F4xx_HAL_Driver/Src/stm32f4xx_hal_cortex.o
                0x0000000008001852                HAL_NVIC_EnableIRQ
 .text.HAL_SYSTICK_Config
                0x000000000800186e       0x18 Drivers/STM32F4xx_HAL_Driver/Src/stm32f4xx_hal_cortex.o
                0x000000000800186e                HAL_SYSTICK_Config
 *fill*         0x0000000008001886        0x2 
 .text.HAL_GPIO_Init
                0x0000000008001888      0x304 Drivers/STM32F4xx_HAL_Driver/Src/stm32f4xx_hal_gpio.o
                0x0000000008001888                HAL_GPIO_Init
 .text.HAL_GPIO_ReadPin
                0x0000000008001b8c       0x30 Drivers/STM32F4xx_HAL_Driver/Src/stm32f4xx_hal_gpio.o
                0x0000000008001b8c                HAL_GPIO_ReadPin
 .text.HAL_GPIO_WritePin
                0x0000000008001bbc       0x32 Drivers/STM32F4xx_HAL_Driver/Src/stm32f4xx_hal_gpio.o
                0x0000000008001bbc                HAL_GPIO_WritePin
 *fill*         0x0000000008001bee        0x2 
 .text.HAL_GPIO_EXTI_IRQHandler
                0x0000000008001bf0       0x30 Drivers/STM32F4xx_HAL_Driver/Src/stm32f4xx_hal_gpio.o
                0x0000000008001bf0                HAL_GPIO_EXTI_IRQHandler
 .text.HAL_RCC_OscConfig
                0x0000000008001c20      0x4e0 Drivers/STM32F4xx_HAL_Driver/Src/stm32f4xx_hal_rcc.o
                0x0000000008001c20                HAL_RCC_OscConfig
 .text.HAL_RCC_ClockConfig
                0x0000000008002100      0x1cc Drivers/STM32F4xx_HAL_Driver/Src/stm32f4xx_hal_rcc.o
                0x0000000008002100                HAL_RCC_ClockConfig
 .text.HAL_RCC_GetSysClockFreq
                0x00000000080022cc      0x1b0 Drivers/STM32F4xx_HAL_Driver/Src/stm32f4xx_hal_rcc.o
                0x00000000080022cc                HAL_RCC_GetSysClockFreq
 .text.HAL_RCC_GetHCLKFreq
                0x000000000800247c       0x18 Drivers/STM32F4xx_HAL_Driver/Src/stm32f4xx_hal_rcc.o
                0x000000000800247c                HAL_RCC_GetHCLKFreq
 .text.HAL_RCC_GetPCLK1Freq
                0x0000000008002494       0x28 Drivers/STM32F4xx_HAL_Driver/Src/stm32f4xx_hal_rcc.o
                0x0000000008002494                HAL_RCC_GetPCLK1Freq
 .text.HAL_RCC_GetPCLK2Freq
                0x00000000080024bc       0x28 Drivers/STM32F4xx_HAL_Driver/Src/stm32f4xx_hal_rcc.o
                0x00000000080024bc                HAL_RCC_GetPCLK2Freq
 .text.HAL_UART_Init
                0x00000000080024e4       0x9a Drivers/STM32F4xx_HAL_Driver/Src/stm32f4xx_hal_uart.o
                0x00000000080024e4                HAL_UART_Init
 *fill*         0x000000000800257e        0x2 
 .text.UART_SetConfig
                0x0000000008002580      0x6f8 Drivers/STM32F4xx_HAL_Driver/Src/stm32f4xx_hal_uart.o
 .text.__libc_init_array
                0x0000000008002c78       0x48 c:/st/stm32cubeide_1.3.0/stm32cubeide/plugins/com.st.stm32cube.ide.mcu.externaltools.gnu-tools-for-stm32.7-2018-q2-update.win32_1.5.0.202011040924/tools/bin/../lib/gcc/arm-none-eabi/7.3.1/../../../../arm-none-eabi/lib/thumb/v7e-m/fpv4-sp/hard\libc_nano.a(lib_a-init.o)
                0x0000000008002c78                __libc_init_array
 .text.__itoa   0x0000000008002cc0       0x30 c:/st/stm32cubeide_1.3.0/stm32cubeide/plugins/com.st.stm32cube.ide.mcu.externaltools.gnu-tools-for-stm32.7-2018-q2-update.win32_1.5.0.202011040924/tools/bin/../lib/gcc/arm-none-eabi/7.3.1/../../../../arm-none-eabi/lib/thumb/v7e-m/fpv4-sp/hard\libc_nano.a(lib_a-itoa.o)
                0x0000000008002cc0                __itoa
 .text.itoa     0x0000000008002cf0        0x4 c:/st/stm32cubeide_1.3.0/stm32cubeide/plugins/com.st.stm32cube.ide.mcu.externaltools.gnu-tools-for-stm32.7-2018-q2-update.win32_1.5.0.202011040924/tools/bin/../lib/gcc/arm-none-eabi/7.3.1/../../../../arm-none-eabi/lib/thumb/v7e-m/fpv4-sp/hard\libc_nano.a(lib_a-itoa.o)
                0x0000000008002cf0                itoa
 .text.memset   0x0000000008002cf4       0x10 c:/st/stm32cubeide_1.3.0/stm32cubeide/plugins/com.st.stm32cube.ide.mcu.externaltools.gnu-tools-for-stm32.7-2018-q2-update.win32_1.5.0.202011040924/tools/bin/../lib/gcc/arm-none-eabi/7.3.1/../../../../arm-none-eabi/lib/thumb/v7e-m/fpv4-sp/hard\libc_nano.a(lib_a-memset.o)
                0x0000000008002cf4                memset
 .text.__utoa   0x0000000008002d04       0x7c c:/st/stm32cubeide_1.3.0/stm32cubeide/plugins/com.st.stm32cube.ide.mcu.externaltools.gnu-tools-for-stm32.7-2018-q2-update.win32_1.5.0.202011040924/tools/bin/../lib/gcc/arm-none-eabi/7.3.1/../../../../arm-none-eabi/lib/thumb/v7e-m/fpv4-sp/hard\libc_nano.a(lib_a-utoa.o)
                0x0000000008002d04                __utoa
 *(.glue_7)
 .glue_7        0x0000000008002d80        0x0 linker stubs
 *(.glue_7t)
 .glue_7t       0x0000000008002d80        0x0 linker stubs
 *(.eh_frame)
 .eh_frame      0x0000000008002d80        0x0 c:/st/stm32cubeide_1.3.0/stm32cubeide/plugins/com.st.stm32cube.ide.mcu.externaltools.gnu-tools-for-stm32.7-2018-q2-update.win32_1.5.0.202011040924/tools/bin/../lib/gcc/arm-none-eabi/7.3.1/thumb/v7e-m/fpv4-sp/hard/crtbegin.o
 *(.init)
 .init          0x0000000008002d80        0x4 c:/st/stm32cubeide_1.3.0/stm32cubeide/plugins/com.st.stm32cube.ide.mcu.externaltools.gnu-tools-for-stm32.7-2018-q2-update.win32_1.5.0.202011040924/tools/bin/../lib/gcc/arm-none-eabi/7.3.1/thumb/v7e-m/fpv4-sp/hard/crti.o
                0x0000000008002d80                _init
 .init          0x0000000008002d84        0x8 c:/st/stm32cubeide_1.3.0/stm32cubeide/plugins/com.st.stm32cube.ide.mcu.externaltools.gnu-tools-for-stm32.7-2018-q2-update.win32_1.5.0.202011040924/tools/bin/../lib/gcc/arm-none-eabi/7.3.1/thumb/v7e-m/fpv4-sp/hard/crtn.o
 *(.fini)
 .fini          0x0000000008002d8c        0x4 c:/st/stm32cubeide_1.3.0/stm32cubeide/plugins/com.st.stm32cube.ide.mcu.externaltools.gnu-tools-for-stm32.7-2018-q2-update.win32_1.5.0.202011040924/tools/bin/../lib/gcc/arm-none-eabi/7.3.1/thumb/v7e-m/fpv4-sp/hard/crti.o
                0x0000000008002d8c                _fini
 .fini          0x0000000008002d90        0x8 c:/st/stm32cubeide_1.3.0/stm32cubeide/plugins/com.st.stm32cube.ide.mcu.externaltools.gnu-tools-for-stm32.7-2018-q2-update.win32_1.5.0.202011040924/tools/bin/../lib/gcc/arm-none-eabi/7.3.1/thumb/v7e-m/fpv4-sp/hard/crtn.o
                0x0000000008002d98                . = ALIGN (0x4)
                0x0000000008002d98                _etext = .

.vfp11_veneer   0x0000000008002d98        0x0
 .vfp11_veneer  0x0000000008002d98        0x0 linker stubs

.v4_bx          0x0000000008002d98        0x0
 .v4_bx         0x0000000008002d98        0x0 linker stubs

.iplt           0x0000000008002d98        0x0
 .iplt          0x0000000008002d98        0x0 c:/st/stm32cubeide_1.3.0/stm32cubeide/plugins/com.st.stm32cube.ide.mcu.externaltools.gnu-tools-for-stm32.7-2018-q2-update.win32_1.5.0.202011040924/tools/bin/../lib/gcc/arm-none-eabi/7.3.1/thumb/v7e-m/fpv4-sp/hard/crtbegin.o

.rodata         0x0000000008002d98       0x58
                0x0000000008002d98                . = ALIGN (0x4)
 *(.rodata)
 .rodata        0x0000000008002d98       0x18 Core/Src/main.o
 *(.rodata*)
 .rodata.AHBPrescTable
                0x0000000008002db0       0x10 Core/Src/system_stm32f4xx.o
                0x0000000008002db0                AHBPrescTable
 .rodata.APBPrescTable
                0x0000000008002dc0        0x8 Core/Src/system_stm32f4xx.o
                0x0000000008002dc0                APBPrescTable
 .rodata.__utoa.str1.1
                0x0000000008002dc8       0x25 c:/st/stm32cubeide_1.3.0/stm32cubeide/plugins/com.st.stm32cube.ide.mcu.externaltools.gnu-tools-for-stm32.7-2018-q2-update.win32_1.5.0.202011040924/tools/bin/../lib/gcc/arm-none-eabi/7.3.1/../../../../arm-none-eabi/lib/thumb/v7e-m/fpv4-sp/hard\libc_nano.a(lib_a-utoa.o)
                0x0000000008002df0                . = ALIGN (0x4)
 *fill*         0x0000000008002ded        0x3 

.ARM.extab      0x0000000008002df0        0x0
                0x0000000008002df0                . = ALIGN (0x4)
 *(.ARM.extab* .gnu.linkonce.armextab.*)
                0x0000000008002df0                . = ALIGN (0x4)

.ARM            0x0000000008002df0        0x8
                0x0000000008002df0                . = ALIGN (0x4)
                0x0000000008002df0                __exidx_start = .
 *(.ARM.exidx*)
 .ARM.exidx     0x0000000008002df0        0x8 c:/st/stm32cubeide_1.3.0/stm32cubeide/plugins/com.st.stm32cube.ide.mcu.externaltools.gnu-tools-for-stm32.7-2018-q2-update.win32_1.5.0.202011040924/tools/bin/../lib/gcc/arm-none-eabi/7.3.1/thumb/v7e-m/fpv4-sp/hard\libgcc.a(_udivmoddi4.o)
                0x0000000008002df8                __exidx_end = .
                0x0000000008002df8                . = ALIGN (0x4)

.rel.dyn        0x0000000008002df8        0x0
 .rel.iplt      0x0000000008002df8        0x0 c:/st/stm32cubeide_1.3.0/stm32cubeide/plugins/com.st.stm32cube.ide.mcu.externaltools.gnu-tools-for-stm32.7-2018-q2-update.win32_1.5.0.202011040924/tools/bin/../lib/gcc/arm-none-eabi/7.3.1/thumb/v7e-m/fpv4-sp/hard/crtbegin.o

.preinit_array  0x0000000008002df8        0x0
                0x0000000008002df8                . = ALIGN (0x4)
                0x0000000008002df8                PROVIDE (__preinit_array_start = .)
 *(.preinit_array*)
                0x0000000008002df8                PROVIDE (__preinit_array_end = .)
                0x0000000008002df8                . = ALIGN (0x4)

.init_array     0x0000000008002df8        0x4
                0x0000000008002df8                . = ALIGN (0x4)
                0x0000000008002df8                PROVIDE (__init_array_start = .)
 *(SORT_BY_NAME(.init_array.*))
 *(.init_array*)
 .init_array    0x0000000008002df8        0x4 c:/st/stm32cubeide_1.3.0/stm32cubeide/plugins/com.st.stm32cube.ide.mcu.externaltools.gnu-tools-for-stm32.7-2018-q2-update.win32_1.5.0.202011040924/tools/bin/../lib/gcc/arm-none-eabi/7.3.1/thumb/v7e-m/fpv4-sp/hard/crtbegin.o
                0x0000000008002dfc                PROVIDE (__init_array_end = .)
                0x0000000008002dfc                . = ALIGN (0x4)

.fini_array     0x0000000008002dfc        0x4
                0x0000000008002dfc                . = ALIGN (0x4)
                [!provide]                        PROVIDE (__fini_array_start = .)
 *(SORT_BY_NAME(.fini_array.*))
 *(.fini_array*)
 .fini_array    0x0000000008002dfc        0x4 c:/st/stm32cubeide_1.3.0/stm32cubeide/plugins/com.st.stm32cube.ide.mcu.externaltools.gnu-tools-for-stm32.7-2018-q2-update.win32_1.5.0.202011040924/tools/bin/../lib/gcc/arm-none-eabi/7.3.1/thumb/v7e-m/fpv4-sp/hard/crtbegin.o
                [!provide]                        PROVIDE (__fini_array_end = .)
                0x0000000008002e00                . = ALIGN (0x4)
                0x0000000008002e00                _sidata = LOADADDR (.data)

.data           0x0000000020000000       0x14 load address 0x0000000008002e00
                0x0000000020000000                . = ALIGN (0x4)
                0x0000000020000000                _sdata = .
 *(.data)
 *(.data*)
 .data.setTemp  0x0000000020000000        0x4 Core/Src/main.o
                0x0000000020000000                setTemp
 .data.DHT11_timeout
                0x0000000020000004        0x2 Core/Src/main.o
                0x0000000020000004                DHT11_timeout
 *fill*         0x0000000020000006        0x2 
 .data.SystemCoreClock
                0x0000000020000008        0x4 Core/Src/system_stm32f4xx.o
                0x0000000020000008                SystemCoreClock
 .data.uwTickPrio
                0x000000002000000c        0x4 Drivers/STM32F4xx_HAL_Driver/Src/stm32f4xx_hal.o
                0x000000002000000c                uwTickPrio
 .data.uwTickFreq
                0x0000000020000010        0x1 Drivers/STM32F4xx_HAL_Driver/Src/stm32f4xx_hal.o
                0x0000000020000010                uwTickFreq
 *(.RamFunc)
 *(.RamFunc*)
                0x0000000020000014                . = ALIGN (0x4)
 *fill*         0x0000000020000011        0x3 
                0x0000000020000014                _edata = .

.igot.plt       0x0000000020000014        0x0 load address 0x0000000008002e14
 .igot.plt      0x0000000020000014        0x0 c:/st/stm32cubeide_1.3.0/stm32cubeide/plugins/com.st.stm32cube.ide.mcu.externaltools.gnu-tools-for-stm32.7-2018-q2-update.win32_1.5.0.202011040924/tools/bin/../lib/gcc/arm-none-eabi/7.3.1/thumb/v7e-m/fpv4-sp/hard/crtbegin.o
                0x0000000020000014                . = ALIGN (0x4)

.bss            0x0000000020000014      0x120 load address 0x0000000008002e14
                0x0000000020000014                _sbss = .
                0x0000000020000014                __bss_start__ = _sbss
 *(.bss)
 .bss           0x0000000020000014       0x1c c:/st/stm32cubeide_1.3.0/stm32cubeide/plugins/com.st.stm32cube.ide.mcu.externaltools.gnu-tools-for-stm32.7-2018-q2-update.win32_1.5.0.202011040924/tools/bin/../lib/gcc/arm-none-eabi/7.3.1/thumb/v7e-m/fpv4-sp/hard/crtbegin.o
 *(.bss*)
 .bss.DHT11Temp
                0x0000000020000030        0x4 Core/Src/main.o
                0x0000000020000030                DHT11Temp
 .bss.thermistorTemp
                0x0000000020000034        0x4 Core/Src/main.o
                0x0000000020000034                thermistorTemp
 *(COMMON)
 COMMON         0x0000000020000038       0xf8 Core/Src/main.o
                0x0000000020000038                DHT11_buff_raw
                0x000000002000008c                buff
                0x0000000020000090                hadc1
                0x00000000200000d8                DHT11_data
                0x00000000200000e0                huart2
                0x0000000020000120                LCD
 COMMON         0x0000000020000130        0x4 Drivers/STM32F4xx_HAL_Driver/Src/stm32f4xx_hal.o
                0x0000000020000130                uwTick
                0x0000000020000134                . = ALIGN (0x4)
                0x0000000020000134                _ebss = .
                0x0000000020000134                __bss_end__ = _ebss

._user_heap_stack
                0x0000000020000134      0x604 load address 0x0000000008002e14
                0x0000000020000138                . = ALIGN (0x8)
 *fill*         0x0000000020000134        0x4 
                [!provide]                        PROVIDE (end = .)
                0x0000000020000138                PROVIDE (_end = .)
                0x0000000020000338                . = (. + _Min_Heap_Size)
 *fill*         0x0000000020000138      0x200 
                0x0000000020000738                . = (. + _Min_Stack_Size)
 *fill*         0x0000000020000338      0x400 
                0x0000000020000738                . = ALIGN (0x8)

/DISCARD/
 libc.a(*)
 libm.a(*)
 libgcc.a(*)

.ARM.attributes
                0x0000000000000000       0x30
 *(.ARM.attributes)
 .ARM.attributes
                0x0000000000000000       0x22 c:/st/stm32cubeide_1.3.0/stm32cubeide/plugins/com.st.stm32cube.ide.mcu.externaltools.gnu-tools-for-stm32.7-2018-q2-update.win32_1.5.0.202011040924/tools/bin/../lib/gcc/arm-none-eabi/7.3.1/thumb/v7e-m/fpv4-sp/hard/crti.o
 .ARM.attributes
                0x0000000000000022       0x34 c:/st/stm32cubeide_1.3.0/stm32cubeide/plugins/com.st.stm32cube.ide.mcu.externaltools.gnu-tools-for-stm32.7-2018-q2-update.win32_1.5.0.202011040924/tools/bin/../lib/gcc/arm-none-eabi/7.3.1/thumb/v7e-m/fpv4-sp/hard/crtbegin.o
 .ARM.attributes
                0x0000000000000056       0x39 Core/Src/LCD.o
 .ARM.attributes
                0x000000000000008f       0x39 Core/Src/main.o
 .ARM.attributes
                0x00000000000000c8       0x39 Core/Src/stm32f4xx_hal_msp.o
 .ARM.attributes
                0x0000000000000101       0x39 Core/Src/stm32f4xx_it.o
 .ARM.attributes
                0x000000000000013a       0x39 Core/Src/system_stm32f4xx.o
 .ARM.attributes
                0x0000000000000173       0x21 Core/Startup/startup_stm32f401retx.o
 .ARM.attributes
                0x0000000000000194       0x39 Drivers/STM32F4xx_HAL_Driver/Src/stm32f4xx_hal.o
 .ARM.attributes
                0x00000000000001cd       0x39 Drivers/STM32F4xx_HAL_Driver/Src/stm32f4xx_hal_adc.o
 .ARM.attributes
                0x0000000000000206       0x39 Drivers/STM32F4xx_HAL_Driver/Src/stm32f4xx_hal_cortex.o
 .ARM.attributes
                0x000000000000023f       0x39 Drivers/STM32F4xx_HAL_Driver/Src/stm32f4xx_hal_gpio.o
 .ARM.attributes
                0x0000000000000278       0x39 Drivers/STM32F4xx_HAL_Driver/Src/stm32f4xx_hal_rcc.o
 .ARM.attributes
                0x00000000000002b1       0x39 Drivers/STM32F4xx_HAL_Driver/Src/stm32f4xx_hal_uart.o
 .ARM.attributes
                0x00000000000002ea       0x34 c:/st/stm32cubeide_1.3.0/stm32cubeide/plugins/com.st.stm32cube.ide.mcu.externaltools.gnu-tools-for-stm32.7-2018-q2-update.win32_1.5.0.202011040924/tools/bin/../lib/gcc/arm-none-eabi/7.3.1/../../../../arm-none-eabi/lib/thumb/v7e-m/fpv4-sp/hard\libc_nano.a(lib_a-init.o)
 .ARM.attributes
                0x000000000000031e       0x34 c:/st/stm32cubeide_1.3.0/stm32cubeide/plugins/com.st.stm32cube.ide.mcu.externaltools.gnu-tools-for-stm32.7-2018-q2-update.win32_1.5.0.202011040924/tools/bin/../lib/gcc/arm-none-eabi/7.3.1/../../../../arm-none-eabi/lib/thumb/v7e-m/fpv4-sp/hard\libc_nano.a(lib_a-itoa.o)
 .ARM.attributes
                0x0000000000000352       0x34 c:/st/stm32cubeide_1.3.0/stm32cubeide/plugins/com.st.stm32cube.ide.mcu.externaltools.gnu-tools-for-stm32.7-2018-q2-update.win32_1.5.0.202011040924/tools/bin/../lib/gcc/arm-none-eabi/7.3.1/../../../../arm-none-eabi/lib/thumb/v7e-m/fpv4-sp/hard\libc_nano.a(lib_a-memset.o)
 .ARM.attributes
                0x0000000000000386       0x1b c:/st/stm32cubeide_1.3.0/stm32cubeide/plugins/com.st.stm32cube.ide.mcu.externaltools.gnu-tools-for-stm32.7-2018-q2-update.win32_1.5.0.202011040924/tools/bin/../lib/gcc/arm-none-eabi/7.3.1/../../../../arm-none-eabi/lib/thumb/v7e-m/fpv4-sp/hard\libc_nano.a(lib_a-strlen.o)
 .ARM.attributes
                0x00000000000003a1       0x34 c:/st/stm32cubeide_1.3.0/stm32cubeide/plugins/com.st.stm32cube.ide.mcu.externaltools.gnu-tools-for-stm32.7-2018-q2-update.win32_1.5.0.202011040924/tools/bin/../lib/gcc/arm-none-eabi/7.3.1/../../../../arm-none-eabi/lib/thumb/v7e-m/fpv4-sp/hard\libc_nano.a(lib_a-utoa.o)
 .ARM.attributes
                0x00000000000003d5       0x22 c:/st/stm32cubeide_1.3.0/stm32cubeide/plugins/com.st.stm32cube.ide.mcu.externaltools.gnu-tools-for-stm32.7-2018-q2-update.win32_1.5.0.202011040924/tools/bin/../lib/gcc/arm-none-eabi/7.3.1/thumb/v7e-m/fpv4-sp/hard\libgcc.a(_aeabi_uldivmod.o)
 .ARM.attributes
                0x00000000000003f7       0x34 c:/st/stm32cubeide_1.3.0/stm32cubeide/plugins/com.st.stm32cube.ide.mcu.externaltools.gnu-tools-for-stm32.7-2018-q2-update.win32_1.5.0.202011040924/tools/bin/../lib/gcc/arm-none-eabi/7.3.1/thumb/v7e-m/fpv4-sp/hard\libgcc.a(_udivmoddi4.o)
 .ARM.attributes
                0x000000000000042b       0x22 c:/st/stm32cubeide_1.3.0/stm32cubeide/plugins/com.st.stm32cube.ide.mcu.externaltools.gnu-tools-for-stm32.7-2018-q2-update.win32_1.5.0.202011040924/tools/bin/../lib/gcc/arm-none-eabi/7.3.1/thumb/v7e-m/fpv4-sp/hard\libgcc.a(_dvmd_tls.o)
 .ARM.attributes
                0x000000000000044d       0x22 c:/st/stm32cubeide_1.3.0/stm32cubeide/plugins/com.st.stm32cube.ide.mcu.externaltools.gnu-tools-for-stm32.7-2018-q2-update.win32_1.5.0.202011040924/tools/bin/../lib/gcc/arm-none-eabi/7.3.1/thumb/v7e-m/fpv4-sp/hard/crtn.o
OUTPUT(Lab6_ElectricalInterfaces.elf elf32-littlearm)

.debug_info     0x0000000000000000     0x8254
 .debug_info    0x0000000000000000      0xd1d Core/Src/LCD.o
 .debug_info    0x0000000000000d1d     0x1a9f Core/Src/main.o
 .debug_info    0x00000000000027bc      0xc2c Core/Src/stm32f4xx_hal_msp.o
 .debug_info    0x00000000000033e8      0x242 Core/Src/stm32f4xx_it.o
 .debug_info    0x000000000000362a      0x57e Core/Src/system_stm32f4xx.o
 .debug_info    0x0000000000003ba8       0x22 Core/Startup/startup_stm32f401retx.o
 .debug_info    0x0000000000003bca      0x8ce Drivers/STM32F4xx_HAL_Driver/Src/stm32f4xx_hal.o
 .debug_info    0x0000000000004498      0xce6 Drivers/STM32F4xx_HAL_Driver/Src/stm32f4xx_hal_adc.o
 .debug_info    0x000000000000517e      0xd92 Drivers/STM32F4xx_HAL_Driver/Src/stm32f4xx_hal_cortex.o
 .debug_info    0x0000000000005f10      0x7d7 Drivers/STM32F4xx_HAL_Driver/Src/stm32f4xx_hal_gpio.o
 .debug_info    0x00000000000066e7      0x929 Drivers/STM32F4xx_HAL_Driver/Src/stm32f4xx_hal_rcc.o
 .debug_info    0x0000000000007010     0x1244 Drivers/STM32F4xx_HAL_Driver/Src/stm32f4xx_hal_uart.o

.debug_abbrev   0x0000000000000000     0x15db
 .debug_abbrev  0x0000000000000000      0x231 Core/Src/LCD.o
 .debug_abbrev  0x0000000000000231      0x303 Core/Src/main.o
 .debug_abbrev  0x0000000000000534      0x18c Core/Src/stm32f4xx_hal_msp.o
 .debug_abbrev  0x00000000000006c0       0xc6 Core/Src/stm32f4xx_it.o
 .debug_abbrev  0x0000000000000786      0x12b Core/Src/system_stm32f4xx.o
 .debug_abbrev  0x00000000000008b1       0x12 Core/Startup/startup_stm32f401retx.o
 .debug_abbrev  0x00000000000008c3      0x1f2 Drivers/STM32F4xx_HAL_Driver/Src/stm32f4xx_hal.o
 .debug_abbrev  0x0000000000000ab5      0x1cd Drivers/STM32F4xx_HAL_Driver/Src/stm32f4xx_hal_adc.o
 .debug_abbrev  0x0000000000000c82      0x2fa Drivers/STM32F4xx_HAL_Driver/Src/stm32f4xx_hal_cortex.o
 .debug_abbrev  0x0000000000000f7c      0x1c9 Drivers/STM32F4xx_HAL_Driver/Src/stm32f4xx_hal_gpio.o
 .debug_abbrev  0x0000000000001145      0x245 Drivers/STM32F4xx_HAL_Driver/Src/stm32f4xx_hal_rcc.o
 .debug_abbrev  0x000000000000138a      0x251 Drivers/STM32F4xx_HAL_Driver/Src/stm32f4xx_hal_uart.o

.debug_aranges  0x0000000000000000      0x788
 .debug_aranges
                0x0000000000000000       0x68 Core/Src/LCD.o
 .debug_aranges
                0x0000000000000068       0x80 Core/Src/main.o
 .debug_aranges
                0x00000000000000e8       0x40 Core/Src/stm32f4xx_hal_msp.o
 .debug_aranges
                0x0000000000000128       0x70 Core/Src/stm32f4xx_it.o
 .debug_aranges
                0x0000000000000198       0x28 Core/Src/system_stm32f4xx.o
 .debug_aranges
                0x00000000000001c0       0x28 Core/Startup/startup_stm32f401retx.o
 .debug_aranges
                0x00000000000001e8       0xf0 Drivers/STM32F4xx_HAL_Driver/Src/stm32f4xx_hal.o
 .debug_aranges
                0x00000000000002d8       0xe8 Drivers/STM32F4xx_HAL_Driver/Src/stm32f4xx_hal_adc.o
 .debug_aranges
                0x00000000000003c0      0x118 Drivers/STM32F4xx_HAL_Driver/Src/stm32f4xx_hal_cortex.o
 .debug_aranges
                0x00000000000004d8       0x58 Drivers/STM32F4xx_HAL_Driver/Src/stm32f4xx_hal_gpio.o
 .debug_aranges
                0x0000000000000530       0x88 Drivers/STM32F4xx_HAL_Driver/Src/stm32f4xx_hal_rcc.o
 .debug_aranges
                0x00000000000005b8      0x1d0 Drivers/STM32F4xx_HAL_Driver/Src/stm32f4xx_hal_uart.o

.debug_ranges   0x0000000000000000      0x6d0
 .debug_ranges  0x0000000000000000       0x58 Core/Src/LCD.o
 .debug_ranges  0x0000000000000058       0x70 Core/Src/main.o
 .debug_ranges  0x00000000000000c8       0x30 Core/Src/stm32f4xx_hal_msp.o
 .debug_ranges  0x00000000000000f8       0x60 Core/Src/stm32f4xx_it.o
 .debug_ranges  0x0000000000000158       0x18 Core/Src/system_stm32f4xx.o
 .debug_ranges  0x0000000000000170       0x20 Core/Startup/startup_stm32f401retx.o
 .debug_ranges  0x0000000000000190       0xe0 Drivers/STM32F4xx_HAL_Driver/Src/stm32f4xx_hal.o
 .debug_ranges  0x0000000000000270       0xd8 Drivers/STM32F4xx_HAL_Driver/Src/stm32f4xx_hal_adc.o
 .debug_ranges  0x0000000000000348      0x108 Drivers/STM32F4xx_HAL_Driver/Src/stm32f4xx_hal_cortex.o
 .debug_ranges  0x0000000000000450       0x48 Drivers/STM32F4xx_HAL_Driver/Src/stm32f4xx_hal_gpio.o
 .debug_ranges  0x0000000000000498       0x78 Drivers/STM32F4xx_HAL_Driver/Src/stm32f4xx_hal_rcc.o
 .debug_ranges  0x0000000000000510      0x1c0 Drivers/STM32F4xx_HAL_Driver/Src/stm32f4xx_hal_uart.o

.debug_macro    0x0000000000000000    0x15b7a
 .debug_macro   0x0000000000000000      0x2a7 Core/Src/LCD.o
 .debug_macro   0x00000000000002a7      0xa5a Core/Src/LCD.o
 .debug_macro   0x0000000000000d01      0x294 Core/Src/LCD.o
 .debug_macro   0x0000000000000f95       0x2e Core/Src/LCD.o
 .debug_macro   0x0000000000000fc3       0x28 Core/Src/LCD.o
 .debug_macro   0x0000000000000feb       0x22 Core/Src/LCD.o
 .debug_macro   0x000000000000100d       0x8e Core/Src/LCD.o
 .debug_macro   0x000000000000109b       0x51 Core/Src/LCD.o
 .debug_macro   0x00000000000010ec       0xef Core/Src/LCD.o
 .debug_macro   0x00000000000011db       0x6a Core/Src/LCD.o
 .debug_macro   0x0000000000001245      0x1df Core/Src/LCD.o
 .debug_macro   0x0000000000001424       0x1c Core/Src/LCD.o
 .debug_macro   0x0000000000001440       0x22 Core/Src/LCD.o
 .debug_macro   0x0000000000001462       0xdf Core/Src/LCD.o
 .debug_macro   0x0000000000001541     0x102d Core/Src/LCD.o
 .debug_macro   0x000000000000256e      0x11f Core/Src/LCD.o
 .debug_macro   0x000000000000268d     0xb850 Core/Src/LCD.o
 .debug_macro   0x000000000000dedd       0x43 Core/Src/LCD.o
 .debug_macro   0x000000000000df20     0x3659 Core/Src/LCD.o
 .debug_macro   0x0000000000011579      0x174 Core/Src/LCD.o
 .debug_macro   0x00000000000116ed       0x5a Core/Src/LCD.o
 .debug_macro   0x0000000000011747      0x416 Core/Src/LCD.o
 .debug_macro   0x0000000000011b5d      0x9fe Core/Src/LCD.o
 .debug_macro   0x000000000001255b      0x117 Core/Src/LCD.o
 .debug_macro   0x0000000000012672       0xf8 Core/Src/LCD.o
 .debug_macro   0x000000000001276a       0x27 Core/Src/LCD.o
 .debug_macro   0x0000000000012791      0x15f Core/Src/LCD.o
 .debug_macro   0x00000000000128f0      0x287 Core/Src/LCD.o
 .debug_macro   0x0000000000012b77       0x5f Core/Src/LCD.o
 .debug_macro   0x0000000000012bd6      0x236 Core/Src/LCD.o
 .debug_macro   0x0000000000012e0c      0x391 Core/Src/LCD.o
 .debug_macro   0x000000000001319d      0x176 Core/Src/LCD.o
 .debug_macro   0x0000000000013313       0xf9 Core/Src/LCD.o
 .debug_macro   0x000000000001340c      0x132 Core/Src/LCD.o
 .debug_macro   0x000000000001353e      0x264 Core/Src/LCD.o
 .debug_macro   0x00000000000137a2       0x2e Core/Src/LCD.o
 .debug_macro   0x00000000000137d0      0x11a Core/Src/LCD.o
 .debug_macro   0x00000000000138ea       0x85 Core/Src/LCD.o
 .debug_macro   0x000000000001396f       0x89 Core/Src/LCD.o
 .debug_macro   0x00000000000139f8      0x287 Core/Src/LCD.o
 .debug_macro   0x0000000000013c7f      0x126 Core/Src/LCD.o
 .debug_macro   0x0000000000013da5      0x13c Core/Src/LCD.o
 .debug_macro   0x0000000000013ee1       0x46 Core/Src/LCD.o
 .debug_macro   0x0000000000013f27       0x18 Core/Src/LCD.o
 .debug_macro   0x0000000000013f3f       0x3c Core/Src/LCD.o
 .debug_macro   0x0000000000013f7b       0x34 Core/Src/LCD.o
 .debug_macro   0x0000000000013faf       0x52 Core/Src/LCD.o
 .debug_macro   0x0000000000014001       0x1f Core/Src/LCD.o
 .debug_macro   0x0000000000014020       0x43 Core/Src/LCD.o
 .debug_macro   0x0000000000014063       0x20 Core/Src/LCD.o
 .debug_macro   0x0000000000014083      0x1a3 Core/Src/LCD.o
 .debug_macro   0x0000000000014226      0x32a Core/Src/LCD.o
 .debug_macro   0x0000000000014550       0x10 Core/Src/LCD.o
 .debug_macro   0x0000000000014560       0x35 Core/Src/LCD.o
 .debug_macro   0x0000000000014595       0x20 Core/Src/LCD.o
 .debug_macro   0x00000000000145b5      0x2e5 Core/Src/main.o
 .debug_macro   0x000000000001489a      0x136 Core/Src/main.o
 .debug_macro   0x00000000000149d0       0x16 Core/Src/main.o
 .debug_macro   0x00000000000149e6       0x16 Core/Src/main.o
 .debug_macro   0x00000000000149fc       0x29 Core/Src/main.o
 .debug_macro   0x0000000000014a25      0x1e2 Core/Src/stm32f4xx_hal_msp.o
 .debug_macro   0x0000000000014c07      0x1ec Core/Src/stm32f4xx_it.o
 .debug_macro   0x0000000000014df3      0x1d9 Core/Src/system_stm32f4xx.o
 .debug_macro   0x0000000000014fcc      0x233 Drivers/STM32F4xx_HAL_Driver/Src/stm32f4xx_hal.o
 .debug_macro   0x00000000000151ff      0x1d4 Drivers/STM32F4xx_HAL_Driver/Src/stm32f4xx_hal_adc.o
 .debug_macro   0x00000000000153d3      0x1d3 Drivers/STM32F4xx_HAL_Driver/Src/stm32f4xx_hal_cortex.o
 .debug_macro   0x00000000000155a6      0x209 Drivers/STM32F4xx_HAL_Driver/Src/stm32f4xx_hal_gpio.o
 .debug_macro   0x00000000000157af      0x1f7 Drivers/STM32F4xx_HAL_Driver/Src/stm32f4xx_hal_rcc.o
 .debug_macro   0x00000000000159a6      0x1d4 Drivers/STM32F4xx_HAL_Driver/Src/stm32f4xx_hal_uart.o

.debug_line     0x0000000000000000     0x6812
 .debug_line    0x0000000000000000      0x8f5 Core/Src/LCD.o
 .debug_line    0x00000000000008f5      0xa19 Core/Src/main.o
 .debug_line    0x000000000000130e      0x71e Core/Src/stm32f4xx_hal_msp.o
 .debug_line    0x0000000000001a2c      0x78e Core/Src/stm32f4xx_it.o
 .debug_line    0x00000000000021ba      0x6dc Core/Src/system_stm32f4xx.o
 .debug_line    0x0000000000002896       0x85 Core/Startup/startup_stm32f401retx.o
 .debug_line    0x000000000000291b      0x8c6 Drivers/STM32F4xx_HAL_Driver/Src/stm32f4xx_hal.o
 .debug_line    0x00000000000031e1      0xaec Drivers/STM32F4xx_HAL_Driver/Src/stm32f4xx_hal_adc.o
 .debug_line    0x0000000000003ccd      0x9ea Drivers/STM32F4xx_HAL_Driver/Src/stm32f4xx_hal_cortex.o
 .debug_line    0x00000000000046b7      0x869 Drivers/STM32F4xx_HAL_Driver/Src/stm32f4xx_hal_gpio.o
 .debug_line    0x0000000000004f20      0x91e Drivers/STM32F4xx_HAL_Driver/Src/stm32f4xx_hal_rcc.o
 .debug_line    0x000000000000583e      0xfd4 Drivers/STM32F4xx_HAL_Driver/Src/stm32f4xx_hal_uart.o

.debug_str      0x0000000000000000    0x8829c
 .debug_str     0x0000000000000000    0x85da6 Core/Src/LCD.o
                                      0x860a7 (size before relaxing)
 .debug_str     0x0000000000085da6      0xd7d Core/Src/main.o
                                      0x86e27 (size before relaxing)
 .debug_str     0x0000000000086b23       0x7d Core/Src/stm32f4xx_hal_msp.o
                                      0x83761 (size before relaxing)
 .debug_str     0x0000000000086ba0       0xe5 Core/Src/stm32f4xx_it.o
                                      0x830ca (size before relaxing)
 .debug_str     0x0000000000086c85       0xc4 Core/Src/system_stm32f4xx.o
                                      0x82cf4 (size before relaxing)
 .debug_str     0x0000000000086d49       0x36 Core/Startup/startup_stm32f401retx.o
                                         0x88 (size before relaxing)
 .debug_str     0x0000000000086d7f      0x58d Drivers/STM32F4xx_HAL_Driver/Src/stm32f4xx_hal.o
                                      0x8365f (size before relaxing)
 .debug_str     0x000000000008730c      0x2a2 Drivers/STM32F4xx_HAL_Driver/Src/stm32f4xx_hal_adc.o
                                      0x83279 (size before relaxing)
 .debug_str     0x00000000000875ae      0x392 Drivers/STM32F4xx_HAL_Driver/Src/stm32f4xx_hal_cortex.o
                                      0x8343c (size before relaxing)
 .debug_str     0x0000000000087940      0x1e7 Drivers/STM32F4xx_HAL_Driver/Src/stm32f4xx_hal_gpio.o
                                      0x82f33 (size before relaxing)
 .debug_str     0x0000000000087b27      0x259 Drivers/STM32F4xx_HAL_Driver/Src/stm32f4xx_hal_rcc.o
                                      0x830e1 (size before relaxing)
 .debug_str     0x0000000000087d80      0x51c Drivers/STM32F4xx_HAL_Driver/Src/stm32f4xx_hal_uart.o
                                      0x8352e (size before relaxing)

.comment        0x0000000000000000       0x7b
 .comment       0x0000000000000000       0x7b Core/Src/LCD.o
                                         0x7c (size before relaxing)
 .comment       0x000000000000007b       0x7c Core/Src/main.o
 .comment       0x000000000000007b       0x7c Core/Src/stm32f4xx_hal_msp.o
 .comment       0x000000000000007b       0x7c Core/Src/stm32f4xx_it.o
 .comment       0x000000000000007b       0x7c Core/Src/system_stm32f4xx.o
 .comment       0x000000000000007b       0x7c Drivers/STM32F4xx_HAL_Driver/Src/stm32f4xx_hal.o
 .comment       0x000000000000007b       0x7c Drivers/STM32F4xx_HAL_Driver/Src/stm32f4xx_hal_adc.o
 .comment       0x000000000000007b       0x7c Drivers/STM32F4xx_HAL_Driver/Src/stm32f4xx_hal_cortex.o
 .comment       0x000000000000007b       0x7c Drivers/STM32F4xx_HAL_Driver/Src/stm32f4xx_hal_gpio.o
 .comment       0x000000000000007b       0x7c Drivers/STM32F4xx_HAL_Driver/Src/stm32f4xx_hal_rcc.o
 .comment       0x000000000000007b       0x7c Drivers/STM32F4xx_HAL_Driver/Src/stm32f4xx_hal_uart.o

.debug_frame    0x0000000000000000     0x1e48
 .debug_frame   0x0000000000000000      0x17c Core/Src/LCD.o
 .debug_frame   0x000000000000017c      0x1c0 Core/Src/main.o
 .debug_frame   0x000000000000033c       0xc4 Core/Src/stm32f4xx_hal_msp.o
 .debug_frame   0x0000000000000400      0x13c Core/Src/stm32f4xx_it.o
 .debug_frame   0x000000000000053c       0x58 Core/Src/system_stm32f4xx.o
 .debug_frame   0x0000000000000594      0x374 Drivers/STM32F4xx_HAL_Driver/Src/stm32f4xx_hal.o
 .debug_frame   0x0000000000000908      0x3fc Drivers/STM32F4xx_HAL_Driver/Src/stm32f4xx_hal_adc.o
 .debug_frame   0x0000000000000d04      0x498 Drivers/STM32F4xx_HAL_Driver/Src/stm32f4xx_hal_cortex.o
 .debug_frame   0x000000000000119c      0x14c Drivers/STM32F4xx_HAL_Driver/Src/stm32f4xx_hal_gpio.o
 .debug_frame   0x00000000000012e8      0x1f0 Drivers/STM32F4xx_HAL_Driver/Src/stm32f4xx_hal_rcc.o
 .debug_frame   0x00000000000014d8      0x844 Drivers/STM32F4xx_HAL_Driver/Src/stm32f4xx_hal_uart.o
 .debug_frame   0x0000000000001d1c       0x2c c:/st/stm32cubeide_1.3.0/stm32cubeide/plugins/com.st.stm32cube.ide.mcu.externaltools.gnu-tools-for-stm32.7-2018-q2-update.win32_1.5.0.202011040924/tools/bin/../lib/gcc/arm-none-eabi/7.3.1/../../../../arm-none-eabi/lib/thumb/v7e-m/fpv4-sp/hard\libc_nano.a(lib_a-init.o)
 .debug_frame   0x0000000000001d48       0x38 c:/st/stm32cubeide_1.3.0/stm32cubeide/plugins/com.st.stm32cube.ide.mcu.externaltools.gnu-tools-for-stm32.7-2018-q2-update.win32_1.5.0.202011040924/tools/bin/../lib/gcc/arm-none-eabi/7.3.1/../../../../arm-none-eabi/lib/thumb/v7e-m/fpv4-sp/hard\libc_nano.a(lib_a-itoa.o)
 .debug_frame   0x0000000000001d80       0x20 c:/st/stm32cubeide_1.3.0/stm32cubeide/plugins/com.st.stm32cube.ide.mcu.externaltools.gnu-tools-for-stm32.7-2018-q2-update.win32_1.5.0.202011040924/tools/bin/../lib/gcc/arm-none-eabi/7.3.1/../../../../arm-none-eabi/lib/thumb/v7e-m/fpv4-sp/hard\libc_nano.a(lib_a-memset.o)
 .debug_frame   0x0000000000001da0       0x48 c:/st/stm32cubeide_1.3.0/stm32cubeide/plugins/com.st.stm32cube.ide.mcu.externaltools.gnu-tools-for-stm32.7-2018-q2-update.win32_1.5.0.202011040924/tools/bin/../lib/gcc/arm-none-eabi/7.3.1/../../../../arm-none-eabi/lib/thumb/v7e-m/fpv4-sp/hard\libc_nano.a(lib_a-utoa.o)
 .debug_frame   0x0000000000001de8       0x2c c:/st/stm32cubeide_1.3.0/stm32cubeide/plugins/com.st.stm32cube.ide.mcu.externaltools.gnu-tools-for-stm32.7-2018-q2-update.win32_1.5.0.202011040924/tools/bin/../lib/gcc/arm-none-eabi/7.3.1/thumb/v7e-m/fpv4-sp/hard\libgcc.a(_aeabi_uldivmod.o)
 .debug_frame   0x0000000000001e14       0x34 c:/st/stm32cubeide_1.3.0/stm32cubeide/plugins/com.st.stm32cube.ide.mcu.externaltools.gnu-tools-for-stm32.7-2018-q2-update.win32_1.5.0.202011040924/tools/bin/../lib/gcc/arm-none-eabi/7.3.1/thumb/v7e-m/fpv4-sp/hard\libgcc.a(_udivmoddi4.o)
