main.c:74:9:ReadAnalogTemp	8	static
main.c:86:9:Read_DHT11_bit_raw	16	static
main.c:108:9:Read_DHT11	24	static
main.c:157:6:heaterLED	8	static
main.c:170:7:intToString	16	static
main.c:175:6:updateLCD	16	static
main.c:202:5:main	16	static
main.c:251:6:SystemClock_Config	88	static
main.c:296:13:MX_ADC1_Init	24	static
main.c:346:13:MX_USART2_UART_Init	8	static
main.c:379:13:MX_GPIO_Init	48	static
main.c:449:6:HAL_GPIO_EXTI_Callback	16	static
main.c:471:6:Error_Handler	4	static,ignoring_inline_asm
