main.c:74:9:ReadAnalogTemp	16	static
main.c:90:9:Read_DHT11_bit_raw	16	static
main.c:112:9:Read_DHT11	24	static
main.c:161:6:heaterLED	8	static
main.c:174:7:intToString	16	static
main.c:180:6:updateLCD	8	static
main.c:207:5:main	16	static
main.c:256:6:SystemClock_Config	88	static
main.c:301:13:MX_ADC1_Init	24	static
main.c:351:13:MX_USART2_UART_Init	8	static
main.c:384:13:MX_GPIO_Init	48	static
main.c:454:6:HAL_GPIO_EXTI_Callback	16	static
main.c:476:6:Error_Handler	4	static,ignoring_inline_asm
